ggml_cuda_init: found 4 CUDA devices (Total VRAM: 65077 MiB):
  Device 0: Tesla P100-PCIE-16GB, compute capability 6.0, VMM: yes, VRAM: 16269 MiB
  Device 1: Tesla P100-PCIE-16GB, compute capability 6.0, VMM: yes, VRAM: 16269 MiB
  Device 2: Tesla P100-PCIE-16GB, compute capability 6.0, VMM: yes, VRAM: 16269 MiB
  Device 3: Tesla P100-PCIE-16GB, compute capability 6.0, VMM: yes, VRAM: 16269 MiB
AffinityWave: repack callback found for blk.0.ffn_down_exps.weight on CUDA0
AffinityWave: CUDA repack callback blk.0.ffn_down_exps.weight
AffinityWave: repack callback found for blk.0.ffn_down_exps.weight on CUDA1
AffinityWave: CUDA repack callback blk.0.ffn_down_exps.weight
AffinityWave: repack callback found for blk.0.ffn_down_exps.weight on CUDA2
AffinityWave: CUDA repack callback blk.0.ffn_down_exps.weight
AffinityWave: repack callback found for blk.0.ffn_down_exps.weight on CUDA3
AffinityWave: CUDA repack callback blk.0.ffn_down_exps.weight
AffinityWave: repack callback found for blk.0.ffn_gate_exps.weight on CUDA0
AffinityWave: CUDA repack callback blk.0.ffn_gate_exps.weight
AffinityWave: repack callback found for blk.0.ffn_gate_exps.weight on CUDA1
AffinityWave: CUDA repack callback blk.0.ffn_gate_exps.weight
AffinityWave: repack callback found for blk.0.ffn_gate_exps.weight on CUDA2
AffinityWave: CUDA repack callback blk.0.ffn_gate_exps.weight
AffinityWave: repack callback found for blk.0.ffn_gate_exps.weight on CUDA3
AffinityWave: CUDA repack callback blk.0.ffn_gate_exps.weight
AffinityWave: GPU0 device-plan weight 0x7fd670f6ab00 T64=0
AffinityWave: GPU2 device-plan weight 0x7fd204f6ab00 T64=0
AffinityWave: GPU1 device-plan weight 0x7fd43af6ab00 T64=0
AffinityWave: GPU3 device-plan weight 0x7fcfcef6ab00 T64=0
AffinityWave: GPU2 device-plan weight 0x7fd204f6ab00 T64=0
AffinityWave: GPU3 device-plan weight 0x7fcfcef6ab00 T64=0
AffinityWave: GPU1 device-plan weight 0x7fd43af6ab00 T64=0
